// Jest Snapshot v1, https://goo.gl/fbAQLP

exports[`<Footer /> renders the <Footer /> with populated data 1`] = `
<div
  class="footer__Container-ivntmv-0 ePFffo"
>
  <p
    class="footer__Title-ivntmv-4 gIhgHa"
  >
    Questions? Contact us.
  </p>
  <div
    class="footer__Break-ivntmv-6 cIjkfx"
  />
  <div
    class="footer__Row-ivntmv-2 koRqOe"
  >
    <div
      class="footer__Column-ivntmv-1 bAxqzP"
    >
      <a
        class="footer__Link-ivntmv-3 fozoBY"
        href="#"
      >
        FAQ
      </a>
      <a
        class="footer__Link-ivntmv-3 fozoBY"
        href="#"
      >
        Investor Relations
      </a>
      <a
        class="footer__Link-ivntmv-3 fozoBY"
        href="#"
      >
        Ways to Watch
      </a>
      <a
        class="footer__Link-ivntmv-3 fozoBY"
        href="#"
      >
        Corporate Information
      </a>
      <a
        class="footer__Link-ivntmv-3 fozoBY"
        href="#"
      >
        Netflix Originals
      </a>
    </div>
    <div
      class="footer__Column-ivntmv-1 bAxqzP"
    >
      <a
        class="footer__Link-ivntmv-3 fozoBY"
        href="#"
      >
        Help Centre
      </a>
      <a
        class="footer__Link-ivntmv-3 fozoBY"
        href="#"
      >
        Jobs
      </a>
      <a
        class="footer__Link-ivntmv-3 fozoBY"
        href="#"
      >
        Terms of Use
      </a>
      <a
        class="footer__Link-ivntmv-3 fozoBY"
        href="#"
      >
        Contact Us
      </a>
    </div>
    <div
      class="footer__Column-ivntmv-1 bAxqzP"
    >
      <a
        class="footer__Link-ivntmv-3 fozoBY"
        href="#"
      >
        Account
      </a>
      <a
        class="footer__Link-ivntmv-3 fozoBY"
        href="#"
      >
        Redeem gift cards
      </a>
      <a
        class="footer__Link-ivntmv-3 fozoBY"
        href="#"
      >
        Privacy
      </a>
      <a
        class="footer__Link-ivntmv-3 fozoBY"
        href="#"
      >
        Speed Test
      </a>
    </div>
    <div
      class="footer__Column-ivntmv-1 bAxqzP"
    >
      <a
        class="footer__Link-ivntmv-3 fozoBY"
        href="#"
      >
        Media Centre
      </a>
      <a
        class="footer__Link-ivntmv-3 fozoBY"
        href="#"
      >
        Buy gift cards
      </a>
      <a
        class="footer__Link-ivntmv-3 fozoBY"
        href="#"
      >
        Cookie Preferences
      </a>
      <a
        class="footer__Link-ivntmv-3 fozoBY"
        href="#"
      >
        Legal Notices
      </a>
    </div>
  </div>
  <div
    class="footer__Break-ivntmv-6 cIjkfx"
  />
  <p
    class="footer__Text-ivntmv-5 epNyJX"
  >
    Netflix United Kingdom
  </p>
</div>
`;
